
| Header 1 | Header 2 |
| 1        | 2        |
| 3        | 4        |
