
### Tags are reported in markdown report
  Given a step  

Tags: `Tag1`, `Tag 2`
